// Jest Snapshot v1, https://goo.gl/fbAQLP

exports[`Clients match snapshot 1`] = `
<section class="section"
         data-test="component-clients"
         style="opacity:0"
>
  <ul class="list">
    <li class="item">
      <img src="/clients/johnson&amp;johnson.png"
           alt
           class="image"
      >
      <br>
      <span class="title">
        Johnson&amp;Johnson
      </span>
    </li>
    <li class="item">
      <img src="/clients/caerus_im.png"
           alt
           class="image"
      >
      <br>
      <span class="title">
        Caerus IM
      </span>
    </li>
    <li class="item">
      <img src="/clients/vodafone.png"
           alt
           class="image"
      >
      <br>
      <span class="title">
        Vodafone
      </span>
    </li>
    <li class="item">
      <img src="/clients/paralelni_polis.png"
           alt
           class="image"
      >
      <br>
      <span class="title">
        Paralelní Polis
      </span>
    </li>
    <li class="item">
      <img src="/clients/form_factory.png"
           alt
           class="image"
      >
      <br>
      <span class="title">
        Form Factory
      </span>
    </li>
    <li class="item">
      <img src="/clients/pilates&amp;flow.png"
           alt
           class="image"
      >
      <br>
      <span class="title">
        Pilates &amp; Flow
      </span>
    </li>
    <li class="item">
      <img src="/clients/joga_letna.png"
           alt
           class="image"
      >
      <br>
      <span class="title">
        Joga Letná
      </span>
    </li>
    <li class="item">
      <img src="/clients/fitness_flora.png"
           alt
           class="image"
      >
      <br>
      <span class="title">
        HitFit Flora
      </span>
    </li>
    <li class="item">
      <img src="/clients/k6.png"
           alt
           class="image"
      >
      <br>
      <span class="title">
        Pohybové studio K6
      </span>
    </li>
    <li class="item">
      <img src="/clients/obvodni_soud.png"
           alt
           class="image"
      >
      <br>
      <span class="title">
        Obvodní soud pro Prahu 1
      </span>
    </li>
    <li class="item">
      <img src="/clients/sokol_jahodnice.png"
           alt
           class="image"
      >
      <br>
      <span class="title">
        TJ Sokol Jahodnice
      </span>
    </li>
  </ul>
</section>
`;
