// Jest Snapshot v1, https://goo.gl/fbAQLP

exports[`Contact page match snapshot 1`] = `
<header>
  <h2>
    Kontakt
  </h2>
</header>
<p>
  <a class="icon icon-mail"
     href="mailto:fitsmarky@seznam.cz"
     title="E-mail: fitsmarky@seznam.cz"
  >
    fitsmarky@seznam.cz
  </a>
</p>
<p>
  <a class="icon icon-phone"
     href="tel:+420728618337"
     title="Telefon: 728 618 337"
  >
    728 618 337
  </a>
</p>
`;
