// Jest Snapshot v1, https://goo.gl/fbAQLP

exports[`Diploma page match snapshot 1`] = `
<header>
  <h2>
    Certifikáty
  </h2>
</header>
<p>
  <strong>
    2011
  </strong>
  Certifikát instruktora aerobiku a fitness (FISAF)
</p>
<p>
  <strong>
    2011
  </strong>
  Fitness instruktor Pilatesova metoda (Wellness school Evy Blahušové)
</p>
<p>
  <strong>
    2012
  </strong>
  Bosu Core (Face Czech Academy)
</p>
<p>
  <strong>
    2012
  </strong>
  Pilates pro speciální populaci – těhotné, děti, senioři (Wellness school Evy Blahušové)
</p>
<p>
  <strong>
    2012
  </strong>
  Bodystyling (Wellness school Evy Blahušové)
</p>
<p>
  <strong>
    2014
  </strong>
  Jóga základy (IQ Pohyb Academy)
</p>
<p>
  <strong>
    2014
  </strong>
  Pilates Reformer Basic (Pilates Centrum – Kateřina Vaňková)
</p>
<p>
  <strong>
    2014
  </strong>
  Pilates Reformer Advanced (Pilates Centrum – Kateřina Vaňková)
</p>
<p>
  <strong>
    2014
  </strong>
  Pilates Reformer III. (Pilates Centrum – Kateřina Vaňková)
</p>
<p>
  <strong>
    2014
  </strong>
  Poradce pro výživu (Nutris®)
</p>
<p>
  <strong>
    2014
  </strong>
  Seminář tělesně nutriční diagnostika (Nutris®)
</p>
<p>
  <strong>
    2015
  </strong>
  Pilates Reformer IV. (Pilates Centrum – Kateřina Vaňková)
</p>
<p>
  <strong>
    2015
  </strong>
  Instruktor Pilates Reformer (Pilates Centrum – Kateřina Vaňková)
</p>
<p>
  <strong>
    2015
  </strong>
  Dětská výživa (Nutris®)
</p>
`;
