// Jest Snapshot v1, https://goo.gl/fbAQLP

exports[`Individual page match snapshot 1`] = `
<header>
  <h2>
    Individuální lekce pilates
  </h2>
</header>
<h3>
  Chci instruktora jen pro sebe = soukromá lekce v kanceláři nebo u Vás doma
</h3>
<ul>
  <li>
    Chcete se nejdříve správně naučit pozice a cviky, než půjdete do skupinové lekce?
  </li>
  <li>
    Chcete cvičit pilates, ale nevyhovují Vám časy studiových hodin ve fitness centrech?
  </li>
  <li>
    Nechcete cvičit ve skupinové lekci?
  </li>
  <li>
    Chcete, aby Vám byly lekce Pilates přizpůsobeny na míru?
  </li>
  <li>
    Máte zdravotní problémy: skoliózu, nadváhu, trpíte inkontinencí …?
  </li>
  <li>
    Chcete provádět cviky správně tak, aby mělo cvičení maximální účinek právě na Vás?
  </li>
</ul>
<p>
  Využijte možnosti individuální lekce.
</p>
<p>
  Po celou dobu 
  <strong>
    individuální lekce
  </strong>
   se věnuji pouze Vám – Vaší kondici, zdravotnímu stavu i přáním přizpůsobuji nejen dlouhodobý cvičební program, ale také každou jednotlivou hodinu.
</p>
<h3>
  Další výhody individuální lekce:
</h3>
<ul>
  <li>
    Cvičební program je sestaven na základě zdravotního stavu, potřeb a přání klienta.
  </li>
  <li>
    Termín konání lekce vychází především z přání klienta.
  </li>
  <li>
    Pro objektivní posouzení výsledků je možné na přání klienta vést fotodokumentaci.
  </li>
  <li>
    Využití cvičební pomůcek:
    <ul>
      <li>
        bosu
      </li>
      <li>
        fitball
      </li>
      <li>
        overball
      </li>
      <li>
        magic circle
      </li>
      <li>
        thera-band
      </li>
      <li>
        core band
      </li>
      <li>
        pilates towel
      </li>
    </ul>
  </li>
</ul>
<h3>
  Co je PILATES?
</h3>
<p>
  Cvičební systém, který rovnoměrně posiluje tělo a zlepšuje jeho držení. Důraz je přitom kladen na správné dýchání, koncentraci, kontrolu pohybů, přesnost a plynulost cviků.
</p>
<p>
  Cviky se zaměřují na posílení tzv. silného centra (oblast beder, břicha od pupku dolů a hýždí), ze kterého všechny pohyby vycházejí.
</p>
<p>
  Rehabilitační metoda je doporučována lékaři a je vhodná pro každý věk pro ženy i muže.
</p>
<h3>
  10 důvodů proč cvičit PILATES
</h3>
<ul>
  <li>
    získáte ploché břicho a štíhlý pas
  </li>
  <li>
    zbavíte se tukových polštářků
  </li>
  <li>
    odstraníte bolesti v zádech
  </li>
  <li>
    pořídíte si dlouhé a štíhlé nohy
  </li>
  <li>
    zpevníte si tělo a zlepšíte jeho držení
  </li>
  <li>
    zbavíte se stresu a únavy
  </li>
  <li>
    naučíte se správně dýchat
  </li>
  <li>
    odstraníte svalové disbalance
  </li>
  <li>
    budete lépe spát
  </li>
  <li>
    zlepšíte si kondici
  </li>
</ul>
`;
