// Jest Snapshot v1, https://goo.gl/fbAQLP

exports[`Layout match snapshot 1`] = `
<main class="main "
      data-test="component-layout"
>
  <header class="header"
          data-test="component-header"
  >
    <button class="menu"
            aria-label="menu"
            type="button"
            data-test="component-menu"
    >
      <svg class="icon"
           viewbox="0 0 100 100"
      >
        <path d="M30,40 L70,40 Z">
        </path>
        <path d="M30,50 L70,50 Z">
        </path>
        <path d="M30,60 L70,60 Z">
        </path>
      </svg>
    </button>
    <div class="logo"
         data-test="component-logo"
    >
      <img src="/logo.png"
           width="901"
           height="507"
           alt
      >
    </div>
    <h1 href="/">
      <span class="_visuallyhidden">
        Fit s Marky
      </span>
      <a href="/"
         class="logo"
      >
        Fit 
        <strong class="strong">
          s
        </strong>
         Marky
      </a>
    </h1>
  </header>
  <nav class="nav "
       data-test="component-nav"
       style="opacity:0"
  >
  </nav>
  <section class="section "
           data-test="component-content"
  >
    <noscript>
      <strong>
        Nemáte zapnutý Javascript
      </strong>
      <p>
        Některé součásti stránek Vám nemusí fungovat správně.
        <br>
        Zde jsou
        <a href="https://www.enable-javascript.com/cz/"
           class="anchor "
           target="_blank"
           rel="noreferrer noopener"
           data-test="component-anchor"
        >
          instrukce
        </a>
        jak povolit JavaScript ve Vašem webovém prohlížeči.
      </p>
    </noscript>
    Layout content
  </section>
  <div class="aside"
       data-test="component-aside"
       style="opacity:0.25"
  >
    <div>
      <div id="lottie"
           style="background:transparent;margin:0 auto;outline:none;overflow:hidden"
      >
      </div>
    </div>
  </div>
  <footer class="footer"
          data-test="component-footer"
  >
    <section class="rights">
      <svg class="icon icon-tabler icon-tabler-copyright"
           width="16"
           height="16"
           viewbox="0 0 24 24"
           stroke-width="1"
           stroke="currentColor"
           fill="none"
           stroke-linecap="round"
           stroke-linejoin="round"
      >
        <path stroke="none"
              d="M0 0h24v24H0z"
              fill="none"
        >
        </path>
        <circle cx="12"
                cy="12"
                r="9"
        >
        </circle>
        <path d="M14.5 9a3.5 4 0 1 0 0 6">
        </path>
      </svg>
      Fit s Marky | All Rights Reserved
    </section>
    <section class="contact">
      <span class="link">
        <svg class="icon icon-tabler icon-tabler-phone"
             width="20"
             height="20"
             viewbox="0 0 24 24"
             stroke-width="1"
             stroke="currentColor"
             fill="none"
             stroke-linecap="round"
             stroke-linejoin="round"
        >
          <path stroke="none"
                d="M0 0h24v24H0z"
                fill="none"
          >
          </path>
          <path d="M5 4h4l2 5l-2.5 1.5a11 11 0 0 0 5 5l1.5 -2.5l5 2v4a2 2 0 0 1 -2 2a16 16 0 0 1 -15 -15a2 2 0 0 1 2 -2">
          </path>
        </svg>
        <a href="tel:728618337"
           title="Telefon"
           class="anchor "
           data-test="component-anchor"
        >
          728 618 337
        </a>
      </span>
      <span class="link">
        <svg class="icon icon-tabler icon-tabler-mail"
             width="20"
             height="20"
             viewbox="0 0 24 24"
             stroke-width="1"
             stroke="currentColor"
             fill="none"
             stroke-linecap="round"
             stroke-linejoin="round"
        >
          <path stroke="none"
                d="M0 0h24v24H0z"
                fill="none"
          >
          </path>
          <rect x="3"
                y="5"
                width="18"
                height="14"
                rx="2"
          >
          </rect>
          <polyline points="3 7 12 13 21 7">
          </polyline>
        </svg>
        <a href="mailto:fitsmarky@seznam.cz"
           title="E-mail: fitsmarky@seznam.cz"
           class="anchor "
           data-test="component-anchor"
        >
          fitsmarky@seznam.cz
        </a>
      </span>
      <span class="link">
        <a href="https://www.facebook.com/fitsmarky"
           title="Facebook"
           class="anchor social"
           target="_blank"
           rel="noreferrer noopener"
           data-test="component-anchor"
        >
          <svg class="icon icon-tabler icon-tabler-thumb-up"
               width="28"
               height="28"
               viewbox="0 0 24 24"
               stroke-width="1"
               stroke="currentColor"
               fill="none"
               stroke-linecap="round"
               stroke-linejoin="round"
          >
            <path stroke="none"
                  d="M0 0h24v24H0z"
                  fill="none"
            >
            </path>
            <path d="M7 11v8a1 1 0 0 1 -1 1h-2a1 1 0 0 1 -1 -1v-7a1 1 0 0 1 1 -1h3a4 4 0 0 0 4 -4v-1a2 2 0 0 1 4 0v5h3a2 2 0 0 1 2 2l-1 5a2 3 0 0 1 -2 2h-7a3 3 0 0 1 -3 -3">
            </path>
          </svg>
        </a>
      </span>
    </section>
  </footer>
</main>
`;
